// Jest Snapshot v1, https://goo.gl/fbAQLP

exports[`Pruebas en componente CounterApp debeb de hacer mach con el snapshot 1`] = `
<div>
  <h1>
    Counter App
  </h1>
  <h2>
     
    21
     
  </h2>
  <button>
     +1 
  </button>
  <button>
     -1 
  </button>
  <button
    aria-label="btn-reset"
  >
     Reset 
  </button>
</div>
`;
